2025-06-02 20:05:55 INFO: Starting new incubation. Time: 2025-06-02 20:05:55
2025-06-02 20:05:55 INFO: Load incubation program: chicken
2025-06-02 20:05:56 INFO: Initializing PID controller
2025-06-02 20:05:56 INFO: Setting controller to default parameters
2025-06-02 20:05:56 INFO: Controller received updated parameters
2025-06-02 20:05:56 INFO: Additional phases found and added to scheduler
2025-06-02 20:05:56 INFO: Adding job tentatively -- it will be properly scheduled when the scheduler starts
2025-06-02 20:05:56 INFO: Controller update scheduled for: 2025-06-19 20:05:55
2025-06-02 20:05:56 INFO: Adding job tentatively -- it will be properly scheduled when the scheduler starts
2025-06-02 20:05:56 INFO: Controller update scheduled for: 2025-06-21 20:05:55
2025-06-02 20:05:56 INFO: Adding job tentatively -- it will be properly scheduled when the scheduler starts
2025-06-02 20:05:56 INFO: Egg moving is activated and scheduled every 4 hours
2025-06-02 20:05:56 INFO: Moving eggs
2025-06-02 20:06:03 INFO: Added job "BroodLord.next_phase" to job store "default"
2025-06-02 20:06:03 INFO: Added job "BroodLord.next_phase" to job store "default"
2025-06-02 20:06:03 INFO: Added job "BroodLord.move_eggs" to job store "default"
2025-06-02 20:06:03 INFO: Scheduler started
2025-06-02 20:08:37 INFO: NumExpr defaulting to 4 threads.
2025-06-02 20:08:37 INFO: Starting new incubation. Time: 2025-06-02 20:08:37
2025-06-02 20:10:32 INFO: NumExpr defaulting to 4 threads.
2025-06-02 20:10:32 INFO: Starting new incubation. Time: 2025-06-02 20:10:32
2025-06-02 20:10:49 INFO: NumExpr defaulting to 4 threads.
2025-06-02 20:10:49 INFO: Starting new incubation. Time: 2025-06-02 20:10:49
2025-06-02 20:11:55 INFO: NumExpr defaulting to 4 threads.
2025-06-02 20:11:55 INFO: Starting new incubation. Time: 2025-06-02 20:11:55
2025-06-02 20:13:01 INFO: NumExpr defaulting to 4 threads.
2025-06-02 20:13:01 INFO: Starting new incubation. Time: 2025-06-02 20:13:01
2025-06-06 21:20:04 INFO: NumExpr defaulting to 4 threads.
2025-06-06 21:20:04 INFO: Starting new incubation. Time: 2025-06-06 21:20:04
2025-06-06 21:21:43 INFO: NumExpr defaulting to 4 threads.
2025-06-06 21:21:44 INFO: Starting new incubation. Time: 2025-06-06 21:21:44
2025-06-06 22:08:02 INFO: NumExpr defaulting to 4 threads.
2025-06-06 22:08:02 INFO: Starting new incubation. Time: 2025-06-06 22:08:02
2025-06-26 21:29:04 INFO: NumExpr defaulting to 4 threads.
2025-06-26 21:29:04 INFO: Starting new incubation. Time: 2025-06-26 21:29:04
2025-06-26 21:34:52 INFO: NumExpr defaulting to 4 threads.
2025-06-26 21:34:52 INFO: Starting new incubation. Time: 2025-06-26 21:34:52
2025-06-26 21:34:57 INFO: NumExpr defaulting to 4 threads.
2025-06-26 21:34:57 INFO: Starting new incubation. Time: 2025-06-26 21:34:57
2025-06-26 21:35:21 INFO: NumExpr defaulting to 4 threads.
2025-06-26 21:35:21 INFO: Starting new incubation. Time: 2025-06-26 21:35:21
2026-02-27 18:10:25 INFO: NumExpr defaulting to 4 threads.
2026-02-27 18:10:38 INFO: NumExpr defaulting to 4 threads.
2026-02-27 18:11:09 INFO: NumExpr defaulting to 4 threads.
2026-02-27 18:11:09 INFO: Starting new incubation. Time: 2026-02-27 18:11:09
2026-02-27 20:18:10 INFO: NumExpr defaulting to 4 threads.
2026-02-27 20:18:10 INFO: Starting new incubation. Time: 2026-02-27 20:18:10
2026-02-27 20:29:59 INFO: NumExpr defaulting to 4 threads.
2026-02-27 20:30:04 INFO: NumExpr defaulting to 4 threads.
2026-02-27 20:30:05 INFO: Starting new incubation. Time: 2026-02-27 20:30:05
2026-02-27 20:33:59 INFO: NumExpr defaulting to 4 threads.
2026-02-27 20:33:59 INFO: Starting new incubation. Time: 2026-02-27 20:33:59
2026-02-27 21:04:54 INFO: NumExpr defaulting to 4 threads.
2026-02-27 21:04:54 INFO: Starting new incubation. Time: 2026-02-27 21:04:54
2026-02-27 21:05:39 INFO: NumExpr defaulting to 4 threads.
2026-02-27 21:05:39 INFO: Starting new incubation. Time: 2026-02-27 21:05:39
2026-02-27 21:06:34 INFO: NumExpr defaulting to 4 threads.
2026-02-27 21:06:34 INFO: Starting new incubation. Time: 2026-02-27 21:06:34
2026-02-27 21:13:28 INFO: NumExpr defaulting to 4 threads.
2026-02-27 21:13:29 INFO: Starting new incubation. Time: 2026-02-27 21:13:29
2026-02-27 21:17:42 INFO: NumExpr defaulting to 4 threads.
2026-02-27 21:17:42 INFO: Starting new incubation. Time: 2026-02-27 21:17:42
2026-02-27 21:18:57 INFO: NumExpr defaulting to 4 threads.
2026-02-27 21:18:57 INFO: Starting new incubation. Time: 2026-02-27 21:18:57
2026-02-27 21:21:16 INFO: NumExpr defaulting to 4 threads.
2026-02-27 21:21:16 INFO: Starting new incubation. Time: 2026-02-27 21:21:16
2026-02-27 21:28:23 INFO: NumExpr defaulting to 4 threads.
2026-02-27 21:28:23 INFO: Starting new incubation. Time: 2026-02-27 21:28:23
2026-02-27 21:29:06 INFO: NumExpr defaulting to 4 threads.
2026-02-27 21:29:06 INFO: Resuming from time point: 2026-02-27 21:28:23
2026-02-27 21:34:22 INFO: NumExpr defaulting to 4 threads.
2026-02-27 21:34:22 INFO: Resuming from time point: 2026-02-27 21:28:23
