2026-03-01 12:08:21 INFO: NumExpr defaulting to 4 threads.
2026-03-01 12:08:21 INFO: Hatchling startup initiated
2026-03-01 12:08:21 INFO: Starting new incubation from time point: 2026-03-01 12:08:21
2026-03-01 12:08:21 INFO: Load incubation program: chicken
2026-03-01 12:08:22 INFO: Fan control: set duty cycle to 50%
2026-03-01 12:08:22 INFO: Setting controller to start phase. Parameters: [55, 37.8]
2026-03-01 12:08:22 INFO: Created CSV file: /home/pi/hatchling/data/2026-03-01_chicken/data.csv
2026-03-01 12:08:22 INFO: PHASE 1
2026-03-01 12:08:22 INFO: Additional phases found and added to scheduler
2026-03-01 12:08:22 INFO: Adding job tentatively -- it will be properly scheduled when the scheduler starts
2026-03-01 12:08:22 INFO: Controller update scheduled for: 2026-03-18 12:08:21
2026-03-01 12:08:22 INFO: Adding job tentatively -- it will be properly scheduled when the scheduler starts
2026-03-01 12:08:22 INFO: Controller update scheduled for: 2026-03-20 12:08:21
2026-03-01 12:08:22 INFO: Adding job tentatively -- it will be properly scheduled when the scheduler starts
2026-03-01 12:08:22 INFO: Egg moving is activated and scheduled every 4 hours
2026-03-01 12:08:22 INFO: Found HTU31D Sensor 0 with serial number 0x1d8ee274
2026-03-01 12:08:22 INFO: Found HTU31D Sensor 1 with serial number 0x1d8ed2b1
2026-03-01 12:08:22 INFO: Initializing PID controller
2026-03-01 12:08:22 INFO: Controller received updated parameters
2026-03-01 12:08:23 INFO: Monitor started with PID 2152
2026-03-01 12:08:23 INFO: Egg turner activated
2026-03-01 12:08:23 INFO: Added job "BroodLord.next_phase" to job store "default"
2026-03-01 12:08:23 INFO: Added job "BroodLord.next_phase" to job store "default"
2026-03-01 12:08:23 INFO: Added job "move_eggs" to job store "default"
2026-03-01 12:08:23 INFO: Scheduler started
2026-03-01 12:08:29 INFO: Fan control: set duty cycle to 0%
2026-03-01 12:08:29 INFO: Shutting down heater
2026-03-01 12:08:29 INFO: Close program
