2026-02-27 21:28:23 INFO: Load incubation program: chicken
2026-02-27 21:28:24 INFO: Setting controller to default parameters
2026-02-27 21:28:24 INFO: Additional phases found and added to scheduler
2026-02-27 21:28:24 INFO: Adding job tentatively -- it will be properly scheduled when the scheduler starts
2026-02-27 21:28:24 INFO: Controller update scheduled for: 2026-03-16 21:28:23
2026-02-27 21:28:24 INFO: Adding job tentatively -- it will be properly scheduled when the scheduler starts
2026-02-27 21:28:24 INFO: Controller update scheduled for: 2026-03-18 21:28:23
2026-02-27 21:28:24 INFO: Adding job tentatively -- it will be properly scheduled when the scheduler starts
2026-02-27 21:28:24 INFO: Egg moving is activated and scheduled every 4 hours
2026-02-27 21:28:24 INFO: Found HTU31D Sensor 0 with serial number 0x1d8ee274
2026-02-27 21:28:24 INFO: Found HTU31D Sensor 1 with serial number 0x1d8ed2b1
2026-02-27 21:28:24 INFO: Initializing PID controller
2026-02-27 21:28:24 INFO: Controller received updated parameters
2026-02-27 21:28:25 INFO: Added job "BroodLord.next_phase" to job store "default"
2026-02-27 21:28:25 INFO: Added job "BroodLord.next_phase" to job store "default"
2026-02-27 21:28:25 INFO: Added job "move_eggs" to job store "default"
2026-02-27 21:28:25 INFO: Scheduler started
2026-02-27 21:29:06 INFO: Load incubation program: chicken
2026-02-27 21:29:07 INFO: Setting controller to default parameters
2026-02-27 21:29:07 INFO: Additional phases found and added to scheduler
2026-02-27 21:29:07 INFO: Adding job tentatively -- it will be properly scheduled when the scheduler starts
2026-02-27 21:29:07 INFO: Controller update scheduled for: 2026-03-16 21:28:23
2026-02-27 21:29:07 INFO: Adding job tentatively -- it will be properly scheduled when the scheduler starts
2026-02-27 21:29:07 INFO: Controller update scheduled for: 2026-03-18 21:28:23
2026-02-27 21:29:07 INFO: Adding job tentatively -- it will be properly scheduled when the scheduler starts
2026-02-27 21:29:07 INFO: Egg moving is activated and scheduled every 4 hours
2026-02-27 21:29:07 INFO: Found HTU31D Sensor 0 with serial number 0x1d8ee274
2026-02-27 21:29:07 INFO: Found HTU31D Sensor 1 with serial number 0x1d8ed2b1
2026-02-27 21:29:07 INFO: Initializing PID controller
2026-02-27 21:29:07 INFO: Controller received updated parameters
2026-02-27 21:29:08 INFO: Added job "BroodLord.next_phase" to job store "default"
2026-02-27 21:29:08 INFO: Added job "BroodLord.next_phase" to job store "default"
2026-02-27 21:29:08 INFO: Added job "move_eggs" to job store "default"
2026-02-27 21:29:08 INFO: Scheduler started
2026-02-27 21:34:22 INFO: Load incubation program: chicken
2026-02-27 21:34:23 INFO: Setting controller to default parameters
2026-02-27 21:34:23 INFO: Additional phases found and added to scheduler
2026-02-27 21:34:23 INFO: Adding job tentatively -- it will be properly scheduled when the scheduler starts
2026-02-27 21:34:23 INFO: Controller update scheduled for: 2026-03-16 21:28:23
2026-02-27 21:34:23 INFO: Adding job tentatively -- it will be properly scheduled when the scheduler starts
2026-02-27 21:34:23 INFO: Controller update scheduled for: 2026-03-18 21:28:23
2026-02-27 21:34:23 INFO: Adding job tentatively -- it will be properly scheduled when the scheduler starts
2026-02-27 21:34:23 INFO: Egg moving is activated and scheduled every 4 hours
2026-02-27 21:34:23 INFO: Found HTU31D Sensor 0 with serial number 0x1d8ee274
2026-02-27 21:34:23 INFO: Found HTU31D Sensor 1 with serial number 0x1d8ed2b1
2026-02-27 21:34:23 INFO: Initializing PID controller
2026-02-27 21:34:23 INFO: Controller received updated parameters
2026-02-27 21:34:24 INFO: Added job "BroodLord.next_phase" to job store "default"
2026-02-27 21:34:24 INFO: Added job "BroodLord.next_phase" to job store "default"
2026-02-27 21:34:24 INFO: Added job "move_eggs" to job store "default"
2026-02-27 21:34:24 INFO: Scheduler started
