2026-03-13 22:26:09 INFO: Hatchling startup initiated
2026-03-13 22:26:09 INFO: Starting incubation run from time point: 2026-03-13 22:26:05
2026-03-13 22:26:09 INFO: Load incubation program: chicken
2026-03-13 22:26:09 INFO: Fan control: set duty cycle to 70%
2026-03-13 22:26:10 INFO: Fan control: set duty cycle to 70%
2026-03-13 22:26:11 INFO: Created CSV file: /home/pi/hatchling/data/2026-03-13_chicken/data.csv
2026-03-13 22:26:11 INFO: Found HTU31D Sensor 0 with serial number 0x1d8ee274
2026-03-13 22:26:11 INFO: Found HTU31D Sensor 1 with serial number 0x1d8ed2b1
2026-03-13 22:26:11 INFO: Initializing PID controller
2026-03-13 22:26:11 INFO: PID Parameters - Kp: 120, Ki: 8, Kd: 50
2026-03-13 22:26:11 INFO: PID Output limits (with anti-windup): (0, 100), Sample time: 0.4s
2026-03-13 22:26:12 INFO: Monitor started with PID 11901
2026-03-13 22:26:17 INFO: Fan control: set duty cycle to 0%
2026-03-13 22:26:17 INFO: Shutting down heater
2026-03-13 22:26:17 INFO: Close program
2026-03-13 22:28:54 INFO: Hatchling startup initiated
2026-03-13 22:28:54 INFO: Starting incubation run from time point: 2026-03-13 22:26:05
2026-03-13 22:28:54 INFO: Load incubation program: chicken
2026-03-13 22:28:54 INFO: Fan control: set duty cycle to 70%
2026-03-13 22:28:55 INFO: Fan control: set duty cycle to 70%
2026-03-13 22:28:57 INFO: Setting controller to start phase. Parameters: [50, 37.5]
2026-03-13 22:28:57 INFO: PHASE 1
2026-03-13 22:28:57 INFO: Additional phases found and added to scheduler
2026-03-13 22:28:57 INFO: Adding job tentatively -- it will be properly scheduled when the scheduler starts
2026-03-13 22:28:57 INFO: Controller update scheduled for: 2026-04-01 22:26:05
2026-03-13 22:28:57 INFO: Adding job tentatively -- it will be properly scheduled when the scheduler starts
2026-03-13 22:28:57 INFO: Egg moving is activated and scheduled every 4 hours
2026-03-13 22:28:57 INFO: Found HTU31D Sensor 0 with serial number 0x1d8ee274
2026-03-13 22:28:57 INFO: Found HTU31D Sensor 1 with serial number 0x1d8ed2b1
2026-03-13 22:28:57 INFO: Initializing PID controller
2026-03-13 22:28:57 INFO: PID Parameters - Kp: 120, Ki: 8, Kd: 50
2026-03-13 22:28:57 INFO: PID Output limits (with anti-windup): (0, 100), Sample time: 0.4s
2026-03-13 22:28:57 INFO: Controller received updated parameters
2026-03-13 22:28:58 INFO: Monitor started with PID 12135
2026-03-13 22:28:58 INFO: Egg turner activated
2026-03-13 22:28:58 INFO: Added job "BroodLord.next_phase" to job store "default"
2026-03-13 22:28:58 INFO: Added job "move_eggs" to job store "default"
2026-03-13 22:28:58 INFO: Scheduler started
2026-03-13 22:29:13 INFO: Fan control: set duty cycle to 0%
2026-03-13 22:29:13 INFO: Shutting down heater
2026-03-13 22:29:13 INFO: Close program
2026-03-13 22:29:19 INFO: Hatchling startup initiated
2026-03-13 22:29:19 INFO: Starting incubation run from time point: 2026-03-13 22:26:05
2026-03-13 22:29:19 INFO: Load incubation program: chicken
2026-03-13 22:29:19 INFO: Fan control: set duty cycle to 70%
2026-03-13 22:29:20 INFO: Fan control: set duty cycle to 70%
2026-03-13 22:29:22 INFO: Setting controller to start phase. Parameters: [50, 37.5]
2026-03-13 22:29:22 INFO: PHASE 1
2026-03-13 22:29:22 INFO: Additional phases found and added to scheduler
2026-03-13 22:29:22 INFO: Adding job tentatively -- it will be properly scheduled when the scheduler starts
2026-03-13 22:29:22 INFO: Controller update scheduled for: 2026-04-01 22:26:05
2026-03-13 22:29:22 INFO: Adding job tentatively -- it will be properly scheduled when the scheduler starts
2026-03-13 22:29:22 INFO: Egg moving is activated and scheduled every 4 hours
2026-03-13 22:29:22 INFO: Found HTU31D Sensor 0 with serial number 0x1d8ee274
2026-03-13 22:29:22 INFO: Found HTU31D Sensor 1 with serial number 0x1d8ed2b1
2026-03-13 22:29:22 INFO: Initializing PID controller
2026-03-13 22:29:22 INFO: PID Parameters - Kp: 120, Ki: 8, Kd: 50
2026-03-13 22:29:22 INFO: PID Output limits (with anti-windup): (0, 100), Sample time: 0.4s
2026-03-13 22:29:22 INFO: Controller received updated parameters
2026-03-13 22:29:23 INFO: Monitor started with PID 12390
2026-03-13 22:29:23 INFO: Egg turner activated
2026-03-13 22:29:23 INFO: Added job "BroodLord.next_phase" to job store "default"
2026-03-13 22:29:23 INFO: Added job "move_eggs" to job store "default"
2026-03-13 22:29:23 INFO: Scheduler started
2026-03-13 22:40:12 INFO: Fan control: set duty cycle to 0%
2026-03-13 22:40:12 INFO: Shutting down heater
2026-03-13 22:40:12 INFO: Close program
2026-03-13 22:40:14 INFO: Hatchling startup initiated
2026-03-13 22:40:14 INFO: Starting incubation run from time point: 2026-03-13 22:26:05
2026-03-13 22:40:14 INFO: Load incubation program: chicken
2026-03-13 22:40:14 INFO: Fan control: set duty cycle to 70%
2026-03-13 22:40:15 INFO: Fan control: set duty cycle to 70%
2026-03-13 22:40:17 INFO: Setting controller to start phase. Parameters: [50, 37.5]
2026-03-13 22:40:17 INFO: PHASE 1
2026-03-13 22:40:17 INFO: Additional phases found and added to scheduler
2026-03-13 22:40:17 INFO: Adding job tentatively -- it will be properly scheduled when the scheduler starts
2026-03-13 22:40:17 INFO: Controller update scheduled for: 2026-04-01 22:26:05
2026-03-13 22:40:17 INFO: Adding job tentatively -- it will be properly scheduled when the scheduler starts
2026-03-13 22:40:17 INFO: Egg moving is activated and scheduled every 4 hours
2026-03-13 22:40:17 INFO: Found HTU31D Sensor 0 with serial number 0x1d8ee274
2026-03-13 22:40:17 INFO: Found HTU31D Sensor 1 with serial number 0x1d8ed2b1
2026-03-13 22:40:17 INFO: Initializing PID controller
2026-03-13 22:40:17 INFO: PID Parameters - Kp: 120, Ki: 8, Kd: 50
2026-03-13 22:40:17 INFO: PID Output limits: (0, 100), Sample time: 0.4s
2026-03-13 22:40:17 INFO: Controller received updated parameters
2026-03-13 22:40:17 INFO: Monitor started with PID 19495
2026-03-13 22:40:18 INFO: Egg turner activated
2026-03-13 22:40:18 INFO: Added job "BroodLord.next_phase" to job store "default"
2026-03-13 22:40:18 INFO: Added job "move_eggs" to job store "default"
2026-03-13 22:40:18 INFO: Scheduler started
